<?xml version="1.0" encoding="UTF-8"?>
<testsuites name="jest tests" tests="24" failures="0" errors="0" time="3.629">
  <testsuite name="undefined" errors="0" failures="0" skipped="0" timestamp="2022-11-23T14:10:04" time="1.245" tests="1">
    <testcase classname=" Throws error message" name=" Throws error message" time="0.005">
    </testcase>
  </testsuite>
  <testsuite name="undefined" errors="0" failures="0" skipped="0" timestamp="2022-11-23T14:10:05" time="0.361" tests="1">
    <testcase classname=" Throws error message" name=" Throws error message" time="0.004">
    </testcase>
  </testsuite>
  <testsuite name="undefined" errors="0" failures="0" skipped="0" timestamp="2022-11-23T14:10:05" time="0.432" tests="1">
    <testcase classname=" Can render JSON to HTML" name=" Can render JSON to HTML" time="0.09">
    </testcase>
  </testsuite>
  <testsuite name="undefined" errors="0" failures="0" skipped="0" timestamp="2022-11-23T14:10:06" time="0.43" tests="1">
    <testcase classname=" Can render JSON to HTML" name=" Can render JSON to HTML" time="0.072">
    </testcase>
  </testsuite>
  <testsuite name="undefined" errors="0" failures="0" skipped="0" timestamp="2022-11-23T14:10:06" time="0.201" tests="1">
    <testcase classname=" Can render placeholders" name=" Can render placeholders" time="0.029">
    </testcase>
  </testsuite>
  <testsuite name="undefined" errors="0" failures="0" skipped="0" timestamp="2022-11-23T14:10:06" time="0.206" tests="1">
    <testcase classname=" Can render placeholders" name=" Can render placeholders" time="0.027">
    </testcase>
  </testsuite>
  <testsuite name="undefined" errors="0" failures="0" skipped="0" timestamp="2022-11-23T14:10:07" time="0.054" tests="1">
    <testcase classname=" Can render instructions" name=" Can render instructions" time="0.002">
    </testcase>
  </testsuite>
  <testsuite name="undefined" errors="0" failures="0" skipped="0" timestamp="2022-11-23T14:10:07" time="0.064" tests="1">
    <testcase classname=" Can render instructions" name=" Can render instructions" time="0.002">
    </testcase>
  </testsuite>
  <testsuite name="undefined" errors="0" failures="0" skipped="0" timestamp="2022-11-23T14:10:07" time="0.055" tests="2">
    <testcase classname=" Can wrap full URL" name=" Can wrap full URL" time="0.002">
    </testcase>
    <testcase classname=" Can wrap short URL" name=" Can wrap short URL" time="0">
    </testcase>
  </testsuite>
  <testsuite name="undefined" errors="0" failures="0" skipped="0" timestamp="2022-11-23T14:10:07" time="0.057" tests="2">
    <testcase classname=" Can render resource article" name=" Can render resource article" time="0.002">
    </testcase>
    <testcase classname=" Can render resource image" name=" Can render resource image" time="0.001">
    </testcase>
  </testsuite>
  <testsuite name="undefined" errors="0" failures="0" skipped="0" timestamp="2022-11-23T14:10:07" time="0.056" tests="3">
    <testcase classname=" Can shuffle arrays" name=" Can shuffle arrays" time="0.002">
    </testcase>
    <testcase classname=" Can read files" name=" Can read files" time="0.001">
    </testcase>
    <testcase classname=" Can unique arrays" name=" Can unique arrays" time="0">
    </testcase>
  </testsuite>
  <testsuite name="undefined" errors="0" failures="0" skipped="0" timestamp="2022-11-23T14:10:07" time="0.058" tests="2">
    <testcase classname=" Can render resource article" name=" Can render resource article" time="0.002">
    </testcase>
    <testcase classname=" Can render resource image" name=" Can render resource image" time="0.001">
    </testcase>
  </testsuite>
  <testsuite name="undefined" errors="0" failures="0" skipped="0" timestamp="2022-11-23T14:10:07" time="0.059" tests="3">
    <testcase classname=" Can shuffle arrays" name=" Can shuffle arrays" time="0.001">
    </testcase>
    <testcase classname=" Can read files" name=" Can read files" time="0">
    </testcase>
    <testcase classname=" Can unique arrays" name=" Can unique arrays" time="0.001">
    </testcase>
  </testsuite>
  <testsuite name="undefined" errors="0" failures="0" skipped="0" timestamp="2022-11-23T14:10:07" time="0.057" tests="1">
    <testcase classname=" Counts items correctly" name=" Counts items correctly" time="0.002">
    </testcase>
  </testsuite>
  <testsuite name="undefined" errors="0" failures="0" skipped="0" timestamp="2022-11-23T14:10:07" time="0.056" tests="2">
    <testcase classname=" Can wrap full URL" name=" Can wrap full URL" time="0.002">
    </testcase>
    <testcase classname=" Can wrap short URL" name=" Can wrap short URL" time="0">
    </testcase>
  </testsuite>
  <testsuite name="undefined" errors="0" failures="0" skipped="0" timestamp="2022-11-23T14:10:07" time="0.056" tests="1">
    <testcase classname=" Counts items correctly" name=" Counts items correctly" time="0.002">
    </testcase>
  </testsuite>
</testsuites>